2026-09-02T03:34:04.665284Z  INFO herdr::api::server: api server listening path=/home/xyaman/.config/herdr/herdr.sock
2026-09-02T03:34:04.667032Z  INFO herdr::app: using pane scrollback configuration pane_scrollback_limit_bytes=10000000
2026-09-02T03:34:04.738594Z  INFO herdr::logging: checking for updates event="update.check.start" subsystem="update" outcome="started"
2026-09-02T03:34:04.742329Z  INFO herdr::logging: spawning pane terminal event="pane.spawn.start" subsystem="pane" outcome="started" pane_id=1 rows=40 cols=120 scrollback_limit_bytes=10000000
2026-09-02T03:34:04.744103Z  INFO herdr::logging: pane child spawned event="pane.spawned" subsystem="pane" outcome="ok" pane_id=1 pid=133710
2026-09-02T03:34:04.744441Z  INFO herdr::logging: workspace created event="workspace.create" subsystem="workspace" outcome="ok" workspace_id="w1" pane_id=1
2026-09-02T03:34:04.744452Z  INFO herdr::logging: workspace focused event="workspace.focus" subsystem="workspace" outcome="ok" workspace_id="w1"
2026-09-02T03:34:04.744489Z  INFO herdr::logging: tab focused event="tab.focus" subsystem="tab" outcome="ok" workspace_id="w1" tab_id="w1:t1"
2026-09-02T03:34:04.744519Z  INFO herdr::server::headless: created startup workspace cwd=/home/xyaman
2026-09-02T03:34:04.744598Z  INFO herdr::server::headless: client protocol socket listening path=/home/xyaman/.config/herdr/herdr-client.sock
2026-09-02T03:34:04.744662Z  INFO herdr::server::headless: herdr server started api_socket=/home/xyaman/.config/herdr/herdr.sock client_socket=/home/xyaman/.config/herdr/herdr-client.sock
2026-09-02T03:34:04.745100Z  INFO herdr::logging: herdr starting event="app.startup" subsystem="server" outcome="started" pid=133689
2026-09-02T03:34:04.843172Z  INFO herdr::server::headless: client connected client_id=2 cols=238 rows=58 cell_width_px=0 cell_height_px=0 render_encoding=SemanticFrame
2026-09-02T03:34:13.333223Z  INFO herdr::logging: session saved event="persist.save" subsystem="persist" outcome="ok" path=/home/xyaman/.config/herdr/session.json workspaces=1
2026-09-02T03:34:18.266626Z  INFO herdr::server::headless: client detach requested via keybind client_id=2
2026-09-02T03:34:18.270054Z  INFO herdr::server::headless: client disconnected client_id=2
2026-09-02T03:34:29.090019Z  INFO herdr::server::headless: server shutdown initiated
2026-09-02T03:34:29.140129Z  INFO herdr::server::headless: completing server shutdown
2026-09-02T03:34:29.140482Z  INFO herdr::logging: session saved event="persist.save" subsystem="persist" outcome="ok" path=/home/xyaman/.config/herdr/session.json workspaces=1
2026-09-02T03:34:29.140494Z  INFO herdr::server::headless: headless server exiting
2026-09-02T03:34:29.141870Z  INFO herdr::logging: pane child exited event="pane.exit" subsystem="pane" outcome="completed" pane_id=1 status="ExitStatus { code: 1, signal: Some(\"Hangup\") }"
2026-09-02T03:34:29.142015Z  INFO herdr::pane: pane session terminated pane=1 pid=133710 signal=Hangup
2026-09-02T03:34:29.143727Z  INFO herdr::logging: herdr exiting event="app.shutdown" subsystem="server" outcome="completed" pid=133689
